// Jest Snapshot v1, https://goo.gl/fbAQLP

exports[`Contact List Container renders correctly 1`] = `
<View
  style={
    Object {
      "backgroundColor": "#fff",
      "flex": 1,
      "position": "relative",
    }
  }
>
  <RCTScrollView
    stickyHeaderIndices={
      Array [
        0,
      ]
    }
    style={
      Object {
        "backgroundColor": undefined,
        "flex": 1,
      }
    }
  >
    <View>
      <View
        style={
          Object {
            "left": 0,
            "position": "relative",
            "top": 0,
          }
        }
      >
        <View
          style={
            Object {
              "alignItems": "center",
              "backgroundColor": "transparent",
              "display": "flex",
              "flexBasis": "auto",
              "flexDirection": "row",
              "justifyContent": "space-between",
              "paddingBottom": 20,
              "paddingLeft": 20,
              "paddingRight": 20,
              "paddingTop": 20,
              "zIndex": 2000,
            }
          }
        >
          <View
            accessibilityComponentType={undefined}
            accessibilityLabel={undefined}
            accessibilityTraits={undefined}
            accessible={true}
            hasTVPreferredFocus={undefined}
            hitSlop={undefined}
            isTVSelectable={true}
            nativeID={undefined}
            onLayout={undefined}
            onResponderGrant={[Function]}
            onResponderMove={[Function]}
            onResponderRelease={[Function]}
            onResponderTerminate={[Function]}
            onResponderTerminationRequest={[Function]}
            onStartShouldSetResponder={[Function]}
            style={
              Array [
                Object {
                  "backgroundColor": "transparent",
                },
                Array [
                  false,
                  false,
                  false,
                  Object {
                    "alignItems": "center",
                    "backgroundColor": "transparent",
                    "justifyContent": "center",
                  },
                  undefined,
                ],
              ]
            }
            testID={undefined}
            tvParallaxProperties={undefined}
          >
            <Text
              accessible={true}
              allowFontScaling={false}
              disabled={false}
              ellipsizeMode="tail"
              style={
                Array [
                  Object {
                    "color": "black",
                    "fontSize": 40,
                  },
                  Array [
                    Object {
                      "backgroundColor": "transparent",
                    },
                    undefined,
                  ],
                  Object {
                    "fontFamily": "Ionicons",
                    "fontStyle": "normal",
                    "fontWeight": "normal",
                  },
                ]
              }
            >
              
            </Text>
          </View>
          <View
            style={undefined}
          >
            <Text
              accessible={true}
              allowFontScaling={true}
              disabled={false}
              ellipsizeMode="tail"
              style={
                Object {
                  "color": "rgba(73, 88, 103, 1)",
                  "fontSize": 20,
                }
              }
            >
              New Contact
            </Text>
          </View>
          <Text
            accessibilityComponentType={undefined}
            accessibilityLabel={undefined}
            accessibilityTraits={undefined}
            accessible={true}
            allowFontScaling={true}
            disabled={false}
            ellipsizeMode="tail"
            hitSlop={undefined}
            nativeID={undefined}
            onLayout={undefined}
            onResponderGrant={[Function]}
            onResponderMove={[Function]}
            onResponderRelease={[Function]}
            onResponderTerminate={[Function]}
            onResponderTerminationRequest={[Function]}
            onStartShouldSetResponder={[Function]}
            style={
              Object {
                "color": "rgba(73, 88, 103, 1)",
                "fontSize": 15,
                "fontWeight": "500",
              }
            }
            testID={undefined}
          >
            Save
          </Text>
        </View>
        <BVLinearGradient
          colors={
            Array [
              452984831,
              2164260863,
              4294967295,
            ]
          }
          end={
            Object {
              "x": 0,
              "y": 0,
            }
          }
          locations={
            Array [
              0,
              0.1,
              1,
            ]
          }
          start={
            Object {
              "x": 0,
              "y": 1,
            }
          }
          style={
            Object {
              "flex": 1,
              "height": "100%",
              "position": "absolute",
              "width": "100%",
            }
          }
        />
      </View>
      <View
        style={
          Object {
            "display": "flex",
            "flex": 1,
            "flexDirection": "column",
            "marginLeft": 20,
            "marginRight": 20,
            "marginTop": 10,
          }
        }
      >
        <View
          style={
            Object {
              "alignItems": "center",
              "marginBottom": 20,
            }
          }
        >
          <View
            accessibilityComponentType={undefined}
            accessibilityLabel={undefined}
            accessibilityTraits={undefined}
            accessible={true}
            hitSlop={undefined}
            nativeID={undefined}
            onLayout={undefined}
            onResponderGrant={[Function]}
            onResponderMove={[Function]}
            onResponderRelease={[Function]}
            onResponderTerminate={[Function]}
            onResponderTerminationRequest={[Function]}
            onStartShouldSetResponder={[Function]}
            style={
              Object {
                "alignItems": "center",
                "borderColor": "rgba(73, 88, 103, .5)",
                "borderRadius": 50,
                "borderWidth": 2,
                "height": 100,
                "justifyContent": "center",
                "overflow": "hidden",
                "position": "relative",
                "width": 100,
              }
            }
            testID={undefined}
          >
            <View
              style={
                Object {
                  "alignItems": "center",
                  "height": "100%",
                  "justifyContent": "center",
                  "width": "100%",
                  "zIndex": 200,
                }
              }
            >
              <View
                onPress={undefined}
                style={
                  Array [
                    false,
                    false,
                    false,
                    Object {
                      "alignItems": "center",
                      "backgroundColor": "transparent",
                      "justifyContent": "center",
                    },
                    undefined,
                  ]
                }
                underlayColor="white"
              >
                <Text
                  accessible={true}
                  allowFontScaling={false}
                  disabled={false}
                  ellipsizeMode="tail"
                  style={
                    Array [
                      Object {
                        "color": "rgba(73, 88, 103, 1)",
                        "fontSize": 30,
                      },
                      Array [
                        Object {
                          "backgroundColor": "transparent",
                        },
                        undefined,
                      ],
                      Object {
                        "fontFamily": "Material Icons",
                        "fontStyle": "normal",
                        "fontWeight": "normal",
                      },
                    ]
                  }
                >
                  
                </Text>
              </View>
            </View>
          </View>
        </View>
        <View
          style={
            Object {
              "display": "flex",
              "flexDirection": "column",
              "marginRight": 20,
            }
          }
        >
          <View
            style={
              Object {
                "marginBottom": 20,
              }
            }
          >
            <View
              style={
                Object {
                  "display": "flex",
                  "flexDirection": "row",
                  "height": 50,
                  "marginBottom": 5,
                }
              }
            >
              <View
                onPress={undefined}
                style={
                  Array [
                    false,
                    false,
                    false,
                    Object {
                      "alignItems": "center",
                      "backgroundColor": "transparent",
                      "justifyContent": "center",
                    },
                    undefined,
                  ]
                }
                underlayColor="white"
              >
                <Text
                  accessible={true}
                  allowFontScaling={false}
                  disabled={false}
                  ellipsizeMode="tail"
                  style={
                    Array [
                      Object {
                        "color": "rgba(73, 88, 103, .5)",
                        "fontSize": 40,
                      },
                      Array [
                        Object {
                          "backgroundColor": "transparent",
                        },
                        Object {
                          "width": 50,
                        },
                      ],
                      Object {
                        "fontFamily": "Material Icons",
                        "fontStyle": "normal",
                        "fontWeight": "normal",
                      },
                    ]
                  }
                >
                  
                </Text>
              </View>
              <View
                style={
                  Object {
                    "display": "flex",
                    "flex": 1,
                    "flexDirection": "column",
                  }
                }
              >
                <TextInput
                  onChangeText={[Function]}
                  placeholder="First Name"
                  style={
                    Object {
                      "borderBottomWidth": 1,
                      "borderColor": "rgba(73, 88, 103, .5)",
                      "fontSize": 16,
                      "height": 50,
                      "marginBottom": 10,
                      "overflow": "hidden",
                    }
                  }
                  underlineColorAndroid="rgba(0,0,0,0)"
                  value=""
                />
                <Text
                  accessible={true}
                  allowFontScaling={true}
                  disabled={false}
                  ellipsizeMode="tail"
                  style={
                    Array [
                      Object {
                        "color": "rgba(253, 92, 99, 1)",
                        "fontSize": 12,
                        "position": "relative",
                        "top": -10,
                      },
                      Object {
                        "display": "none",
                      },
                    ]
                  }
                />
              </View>
            </View>
            <View
              style={
                Object {
                  "display": "flex",
                  "flexDirection": "row",
                  "height": 50,
                  "marginBottom": 5,
                }
              }
            >
              <View
                style={
                  Array [
                    Object {
                      "width": 50,
                    },
                  ]
                }
              />
              <View
                style={
                  Object {
                    "display": "flex",
                    "flex": 1,
                    "flexDirection": "column",
                  }
                }
              >
                <TextInput
                  onChangeText={[Function]}
                  placeholder="Last Name"
                  style={
                    Object {
                      "borderBottomWidth": 1,
                      "borderColor": "rgba(73, 88, 103, .5)",
                      "fontSize": 16,
                      "height": 50,
                      "marginBottom": 10,
                      "overflow": "hidden",
                    }
                  }
                  underlineColorAndroid="rgba(0,0,0,0)"
                  value=""
                />
                <Text
                  accessible={true}
                  allowFontScaling={true}
                  disabled={false}
                  ellipsizeMode="tail"
                  style={
                    Array [
                      Object {
                        "color": "rgba(253, 92, 99, 1)",
                        "fontSize": 12,
                        "position": "relative",
                        "top": -10,
                      },
                      Object {
                        "display": "none",
                      },
                    ]
                  }
                />
              </View>
            </View>
          </View>
          <View
            style={
              Object {
                "marginBottom": 20,
              }
            }
          >
            <View
              style={
                Object {
                  "display": "flex",
                  "flexDirection": "row",
                  "height": 50,
                  "marginBottom": 5,
                }
              }
            >
              <View
                onPress={undefined}
                style={
                  Array [
                    false,
                    false,
                    false,
                    Object {
                      "alignItems": "center",
                      "backgroundColor": "transparent",
                      "justifyContent": "center",
                    },
                    undefined,
                  ]
                }
                underlayColor="white"
              >
                <Text
                  accessible={true}
                  allowFontScaling={false}
                  disabled={false}
                  ellipsizeMode="tail"
                  style={
                    Array [
                      Object {
                        "color": "rgba(73, 88, 103, .5)",
                        "fontSize": 40,
                      },
                      Array [
                        Object {
                          "backgroundColor": "transparent",
                        },
                        Object {
                          "width": 50,
                        },
                      ],
                      Object {
                        "fontFamily": "Material Design Icons",
                        "fontStyle": "normal",
                        "fontWeight": "normal",
                      },
                    ]
                  }
                >
                  
                </Text>
              </View>
              <View
                style={
                  Object {
                    "display": "flex",
                    "flex": 1,
                    "flexDirection": "column",
                  }
                }
              >
                <TextInput
                  onChangeText={[Function]}
                  placeholder="Company"
                  style={
                    Object {
                      "borderBottomWidth": 1,
                      "borderColor": "rgba(73, 88, 103, .5)",
                      "fontSize": 16,
                      "height": 50,
                      "marginBottom": 10,
                      "overflow": "hidden",
                    }
                  }
                  underlineColorAndroid="rgba(0,0,0,0)"
                  value=""
                />
              </View>
            </View>
            <View
              style={
                Object {
                  "display": "flex",
                  "flexDirection": "row",
                  "height": 50,
                  "marginBottom": 5,
                }
              }
            >
              <View
                onPress={undefined}
                style={
                  Array [
                    false,
                    false,
                    false,
                    Object {
                      "alignItems": "center",
                      "backgroundColor": "transparent",
                      "justifyContent": "center",
                    },
                    undefined,
                  ]
                }
                underlayColor="white"
              >
                <Text
                  accessible={true}
                  allowFontScaling={false}
                  disabled={false}
                  ellipsizeMode="tail"
                  style={
                    Array [
                      Object {
                        "color": "rgba(73, 88, 103, .5)",
                        "fontSize": 40,
                      },
                      Array [
                        Object {
                          "backgroundColor": "transparent",
                        },
                        Object {
                          "width": 50,
                        },
                      ],
                      Object {
                        "fontFamily": "Material Design Icons",
                        "fontStyle": "normal",
                        "fontWeight": "normal",
                      },
                    ]
                  }
                >
                  
                </Text>
              </View>
              <View
                style={
                  Object {
                    "display": "flex",
                    "flex": 1,
                    "flexDirection": "column",
                  }
                }
              >
                <TextInput
                  onChangeText={[Function]}
                  placeholder="Job Title"
                  style={
                    Object {
                      "borderBottomWidth": 1,
                      "borderColor": "rgba(73, 88, 103, .5)",
                      "fontSize": 16,
                      "height": 50,
                      "marginBottom": 10,
                      "overflow": "hidden",
                    }
                  }
                  underlineColorAndroid="rgba(0,0,0,0)"
                  value=""
                />
              </View>
            </View>
          </View>
          <View
            style={
              Object {
                "marginBottom": 20,
              }
            }
          >
            <View
              style={
                Object {
                  "display": "flex",
                  "flexDirection": "row",
                  "height": 50,
                  "marginBottom": 5,
                }
              }
            >
              <View
                onPress={undefined}
                style={
                  Array [
                    false,
                    false,
                    false,
                    Object {
                      "alignItems": "center",
                      "backgroundColor": "transparent",
                      "justifyContent": "center",
                    },
                    undefined,
                  ]
                }
                underlayColor="white"
              >
                <Text
                  accessible={true}
                  allowFontScaling={false}
                  disabled={false}
                  ellipsizeMode="tail"
                  style={
                    Array [
                      Object {
                        "color": "rgba(73, 88, 103, .5)",
                        "fontSize": 40,
                      },
                      Array [
                        Object {
                          "backgroundColor": "transparent",
                        },
                        Object {
                          "width": 50,
                        },
                      ],
                      Object {
                        "fontFamily": "Material Icons",
                        "fontStyle": "normal",
                        "fontWeight": "normal",
                      },
                    ]
                  }
                >
                  
                </Text>
              </View>
              <View
                style={
                  Object {
                    "display": "flex",
                    "flex": 1,
                    "flexDirection": "column",
                  }
                }
              >
                <TextInput
                  onChangeText={[Function]}
                  placeholder="Email"
                  style={
                    Object {
                      "borderBottomWidth": 1,
                      "borderColor": "rgba(73, 88, 103, .5)",
                      "fontSize": 16,
                      "height": 50,
                      "marginBottom": 10,
                      "overflow": "hidden",
                    }
                  }
                  underlineColorAndroid="rgba(0,0,0,0)"
                  value=""
                />
                <Text
                  accessible={true}
                  allowFontScaling={true}
                  disabled={false}
                  ellipsizeMode="tail"
                  style={
                    Array [
                      Object {
                        "color": "rgba(253, 92, 99, 1)",
                        "fontSize": 12,
                        "position": "relative",
                        "top": -10,
                      },
                      Object {
                        "display": "none",
                      },
                    ]
                  }
                />
              </View>
            </View>
          </View>
          <View
            style={
              Object {
                "marginBottom": 20,
              }
            }
          >
            <View
              style={
                Object {
                  "display": "flex",
                  "flexDirection": "row",
                  "height": 50,
                  "marginBottom": 5,
                }
              }
            >
              <View
                onPress={undefined}
                style={
                  Array [
                    false,
                    false,
                    false,
                    Object {
                      "alignItems": "center",
                      "backgroundColor": "transparent",
                      "justifyContent": "center",
                    },
                    undefined,
                  ]
                }
                underlayColor="white"
              >
                <Text
                  accessible={true}
                  allowFontScaling={false}
                  disabled={false}
                  ellipsizeMode="tail"
                  style={
                    Array [
                      Object {
                        "color": "rgba(73, 88, 103, .5)",
                        "fontSize": 40,
                      },
                      Array [
                        Object {
                          "backgroundColor": "transparent",
                        },
                        Object {
                          "width": 50,
                        },
                      ],
                      Object {
                        "fontFamily": "Material Icons",
                        "fontStyle": "normal",
                        "fontWeight": "normal",
                      },
                    ]
                  }
                >
                  
                </Text>
              </View>
              <View
                style={
                  Object {
                    "display": "flex",
                    "flex": 1,
                    "flexDirection": "column",
                  }
                }
              >
                <TextInput
                  onBlur={[Function]}
                  onChangeText={[Function]}
                  placeholder="Phone Number"
                  style={
                    Object {
                      "borderBottomWidth": 1,
                      "borderColor": "rgba(73, 88, 103, .5)",
                      "fontSize": 16,
                      "height": 50,
                      "marginBottom": 10,
                      "overflow": "hidden",
                    }
                  }
                  underlineColorAndroid="rgba(0,0,0,0)"
                  value=""
                />
                <Text
                  accessible={true}
                  allowFontScaling={true}
                  disabled={false}
                  ellipsizeMode="tail"
                  style={
                    Array [
                      Object {
                        "color": "rgba(253, 92, 99, 1)",
                        "fontSize": 12,
                        "position": "relative",
                        "top": -10,
                      },
                      Object {
                        "display": "none",
                      },
                    ]
                  }
                />
              </View>
            </View>
          </View>
          <View
            style={
              Object {
                "marginBottom": 20,
              }
            }
          >
            <View
              style={
                Object {
                  "display": "flex",
                  "flexDirection": "row",
                  "height": 50,
                  "marginBottom": 5,
                }
              }
            >
              <View
                onPress={undefined}
                style={
                  Array [
                    false,
                    false,
                    false,
                    Object {
                      "alignItems": "center",
                      "backgroundColor": "transparent",
                      "justifyContent": "center",
                    },
                    undefined,
                  ]
                }
                underlayColor="white"
              >
                <Text
                  accessible={true}
                  allowFontScaling={false}
                  disabled={false}
                  ellipsizeMode="tail"
                  style={
                    Array [
                      Object {
                        "color": "rgba(73, 88, 103, .5)",
                        "fontSize": 40,
                      },
                      Array [
                        Object {
                          "backgroundColor": "transparent",
                        },
                        Object {
                          "width": 50,
                        },
                      ],
                      Object {
                        "fontFamily": "Material Design Icons",
                        "fontStyle": "normal",
                        "fontWeight": "normal",
                      },
                    ]
                  }
                >
                  
                </Text>
              </View>
              <View
                style={
                  Object {
                    "borderBottomWidth": 1,
                    "borderColor": "rgba(73, 88, 103, .5)",
                    "flex": 1,
                  }
                }
              >
                <TextInput
                  multiline={true}
                  numberOfLines={4}
                  onChangeText={[Function]}
                  placeholder="Notes"
                  style={undefined}
                  underlineColorAndroid="rgba(0,0,0,0)"
                  value=""
                />
              </View>
            </View>
          </View>
        </View>
      </View>
    </View>
  </RCTScrollView>
</View>
`;
